Project Information                          f:\files\freezing-cpu\convert.rpt

MAX+plus II Compiler Report File
Version 10.2 07/10/2002
Compiled: 07/07/2021 02:23:16

Copyright (C) 1988-2002 Altera Corporation
Any megafunction design, and related net list (encrypted or decrypted),
support information, device programming or simulation file, and any other
associated documentation or information provided by Altera or a partner
under Altera's Megafunction Partnership Program may be used only to
program PLD devices (but not masked PLD devices) from Altera.  Any other
use of such megafunction design, net list, support information, device
programming or simulation file, or any other related documentation or
information is prohibited for any other purpose, including, but not
limited to modification, reverse engineering, de-compiling, or use with
any other silicon devices, unless such use is explicitly licensed under
a separate agreement with Altera or a megafunction partner.  Title to
the intellectual property, including patents, copyrights, trademarks,
trade secrets, or maskworks, embodied in any such megafunction design,
net list, support information, device programming or simulation file, or
any other related documentation or information provided by Altera or a
megafunction partner, remains with Altera, the megafunction partner, or
their respective licensors.  No other licenses, including any licenses
needed under any third party's intellectual property, are provided herein.



***** Project compilation was successful


CONVERT


** DEVICE SUMMARY **

Chip/                     Input   Output   Bidir         Shareable
POF       Device          Pins    Pins     Pins     LCs  Expanders  % Utilized

convert   EPM7032LC44-6    16       16       0      16      0           50 %

User Pins:                 16       16       0  



Device-Specific Information:                 f:\files\freezing-cpu\convert.rpt
convert

***** Logic for device 'convert' compiled without errors.




Device: EPM7032LC44-6

Device Options:
    Turbo Bit                                    = ON
    Security Bit                                 = OFF



Device-Specific Information:                 f:\files\freezing-cpu\convert.rpt
convert

** ERROR SUMMARY **

Info: Chip 'convert' in device 'EPM7032LC44-6' has less than 20% of pins available for future logic changes -- if your project is likely to change, Altera recommends using a larger device
              I  I                             
              R  R  I                          
              C  C  R                          
              O  O  C                          
              D  D  O                          
              E  E  D  V  G  G  G  G  G        
              1  1  E  C  N  N  N  N  N  I  I  
              0  1  7  C  D  D  D  D  D  8  9  
            -----------------------------------_ 
          /   6  5  4  3  2  1 44 43 42 41 40   | 
 IRCODE9 |  7                                39 | I11 
 IRCODE0 |  8                                38 | OP0 
 IRCODE1 |  9                                37 | OP1 
     GND | 10                                36 | OP2 
 IRCODE2 | 11                                35 | VCC 
 IRCODE3 | 12         EPM7032LC44-6          34 | OP3 
 IRCODE4 | 13                                33 | I10 
 IRCODE5 | 14                                32 | A0 
     VCC | 15                                31 | A4 
 IRCODE6 | 16                                30 | GND 
IRCODE12 | 17                                29 | A5 
         |_  18 19 20 21 22 23 24 25 26 27 28  _| 
           ------------------------------------ 
              I  I  I  I  G  V  A  A  A  A  A  
              R  R  R  R  N  C  3  2  7  6  1  
              C  C  C  C  D  C                 
              O  O  O  O                       
              D  D  D  D                       
              E  E  E  E                       
              1  8  1  1                       
              3     5  4                       


N.C. = No Connect. This pin has no internal connection to the device.
VCC = Dedicated power pin, which MUST be connected to VCC.
GND = Dedicated ground pin or unused dedicated input, which MUST be connected to GND.
RESERVED = Unused I/O pin, which MUST be left unconnected.



Device-Specific Information:                 f:\files\freezing-cpu\convert.rpt
convert

** RESOURCE USAGE **

                                                Shareable     External
Logic Array Block     Logic Cells   I/O Pins    Expanders   Interconnect

A:     LC1 - LC16     0/16(  0%)  16/16(100%)   0/16(  0%)   0/36(  0%) 
B:    LC17 - LC32    16/16(100%)  16/16(100%)   0/16(  0%)  16/36( 44%) 


Total dedicated input pins used:                 0/4      (  0%)
Total I/O pins used:                            32/32     (100%)
Total logic cells used:                         16/32     ( 50%)
Total shareable expanders used:                  0/32     (  0%)
Total Turbo logic cells used:                   16/32     ( 50%)
Total shareable expanders not available (n/a):   0/32     (  0%)
Average fan-in:                                  1.00
Total fan-in:                                    16

Total input pins required:                      16
Total output pins required:                     16
Total bidirectional pins required:               0
Total logic cells required:                     16
Total flipflops required:                        0
Total product terms required:                   16
Total logic cells lending parallel expanders:    0
Total shareable expanders in database:           0

Synthesized logic cells:                         0/  32   (  0%)



Device-Specific Information:                 f:\files\freezing-cpu\convert.rpt
convert

** INPUTS **

                                         Shareable
                                         Expanders     Fan-In    Fan-Out
 Pin     LC  LAB  Primitive    Code   Total Shared n/a INP  FBK  OUT  FBK  Name
   8    (5)  (A)      INPUT               0      0   0    0    0    1    0  IRCODE0
   9    (6)  (A)      INPUT               0      0   0    0    0    1    0  IRCODE1
  11    (7)  (A)      INPUT               0      0   0    0    0    1    0  IRCODE2
  12    (8)  (A)      INPUT               0      0   0    0    0    1    0  IRCODE3
  13    (9)  (A)      INPUT               0      0   0    0    0    1    0  IRCODE4
  14   (10)  (A)      INPUT               0      0   0    0    0    1    0  IRCODE5
  16   (11)  (A)      INPUT               0      0   0    0    0    1    0  IRCODE6
   4    (1)  (A)      INPUT               0      0   0    0    0    1    0  IRCODE7
  19   (14)  (A)      INPUT               0      0   0    0    0    1    0  IRCODE8
   7    (4)  (A)      INPUT               0      0   0    0    0    1    0  IRCODE9
   6    (3)  (A)      INPUT               0      0   0    0    0    1    0  IRCODE10
   5    (2)  (A)      INPUT               0      0   0    0    0    1    0  IRCODE11
  17   (12)  (A)      INPUT               0      0   0    0    0    1    0  IRCODE12
  18   (13)  (A)      INPUT               0      0   0    0    0    1    0  IRCODE13
  21   (16)  (A)      INPUT               0      0   0    0    0    1    0  IRCODE14
  20   (15)  (A)      INPUT               0      0   0    0    0    1    0  IRCODE15


Code:

s = Synthesized pin or logic cell
t = Turbo logic cell
+ = Synchronous flipflop
! = NOT gate push-back
r = Fitter-inserted logic cell


Device-Specific Information:                 f:\files\freezing-cpu\convert.rpt
convert

** OUTPUTS **

                                         Shareable
                                         Expanders     Fan-In    Fan-Out
 Pin     LC  LAB  Primitive    Code   Total Shared n/a INP  FBK  OUT  FBK  Name
  32     25    B     OUTPUT      t        0      0   0    1    0    0    0  A0
  28     28    B     OUTPUT      t        0      0   0    1    0    0    0  A1
  25     31    B     OUTPUT      t        0      0   0    1    0    0    0  A2
  24     32    B     OUTPUT      t        0      0   0    1    0    0    0  A3
  31     26    B     OUTPUT      t        0      0   0    1    0    0    0  A4
  29     27    B     OUTPUT      t        0      0   0    1    0    0    0  A5
  27     29    B     OUTPUT      t        0      0   0    1    0    0    0  A6
  26     30    B     OUTPUT      t        0      0   0    1    0    0    0  A7
  41     17    B     OUTPUT      t        0      0   0    1    0    0    0  I8
  40     18    B     OUTPUT      t        0      0   0    1    0    0    0  I9
  33     24    B     OUTPUT      t        0      0   0    1    0    0    0  I10
  39     19    B     OUTPUT      t        0      0   0    1    0    0    0  I11
  38     20    B     OUTPUT      t        0      0   0    1    0    0    0  OP0
  37     21    B     OUTPUT      t        0      0   0    1    0    0    0  OP1
  36     22    B     OUTPUT      t        0      0   0    1    0    0    0  OP2
  34     23    B     OUTPUT      t        0      0   0    1    0    0    0  OP3


Code:

s = Synthesized pin or logic cell
t = Turbo logic cell
+ = Synchronous flipflop
! = NOT gate push-back
r = Fitter-inserted logic cell


Device-Specific Information:                 f:\files\freezing-cpu\convert.rpt
convert

** LOGIC CELL INTERCONNECTIONS **

Logic Array Block 'B':

                                         Logic cells placed in LAB 'B'
        +------------------------------- LC25 A0
        | +----------------------------- LC28 A1
        | | +--------------------------- LC31 A2
        | | | +------------------------- LC32 A3
        | | | | +----------------------- LC26 A4
        | | | | | +--------------------- LC27 A5
        | | | | | | +------------------- LC29 A6
        | | | | | | | +----------------- LC30 A7
        | | | | | | | | +--------------- LC17 I8
        | | | | | | | | | +------------- LC18 I9
        | | | | | | | | | | +----------- LC24 I10
        | | | | | | | | | | | +--------- LC19 I11
        | | | | | | | | | | | | +------- LC20 OP0
        | | | | | | | | | | | | | +----- LC21 OP1
        | | | | | | | | | | | | | | +--- LC22 OP2
        | | | | | | | | | | | | | | | +- LC23 OP3
        | | | | | | | | | | | | | | | | 
        | | | | | | | | | | | | | | | |   Other LABs fed by signals
        | | | | | | | | | | | | | | | |   that feed LAB 'B'
LC      | | | | | | | | | | | | | | | | | A B |     Logic cells that feed LAB 'B':

Pin
8    -> * - - - - - - - - - - - - - - - | - * | <-- IRCODE0
9    -> - * - - - - - - - - - - - - - - | - * | <-- IRCODE1
11   -> - - * - - - - - - - - - - - - - | - * | <-- IRCODE2
12   -> - - - * - - - - - - - - - - - - | - * | <-- IRCODE3
13   -> - - - - * - - - - - - - - - - - | - * | <-- IRCODE4
14   -> - - - - - * - - - - - - - - - - | - * | <-- IRCODE5
16   -> - - - - - - * - - - - - - - - - | - * | <-- IRCODE6
4    -> - - - - - - - * - - - - - - - - | - * | <-- IRCODE7
19   -> - - - - - - - - * - - - - - - - | - * | <-- IRCODE8
7    -> - - - - - - - - - * - - - - - - | - * | <-- IRCODE9
6    -> - - - - - - - - - - * - - - - - | - * | <-- IRCODE10
5    -> - - - - - - - - - - - * - - - - | - * | <-- IRCODE11
17   -> - - - - - - - - - - - - * - - - | - * | <-- IRCODE12
18   -> - - - - - - - - - - - - - * - - | - * | <-- IRCODE13
21   -> - - - - - - - - - - - - - - * - | - * | <-- IRCODE14
20   -> - - - - - - - - - - - - - - - * | - * | <-- IRCODE15


* = The logic cell or pin is an input to the logic cell (or LAB) through the PIA.
- = The logic cell or pin is not an input to the logic cell (or LAB).


Device-Specific Information:                 f:\files\freezing-cpu\convert.rpt
convert

** EQUATIONS **

IRCODE0  : INPUT;
IRCODE1  : INPUT;
IRCODE2  : INPUT;
IRCODE3  : INPUT;
IRCODE4  : INPUT;
IRCODE5  : INPUT;
IRCODE6  : INPUT;
IRCODE7  : INPUT;
IRCODE8  : INPUT;
IRCODE9  : INPUT;
IRCODE10 : INPUT;
IRCODE11 : INPUT;
IRCODE12 : INPUT;
IRCODE13 : INPUT;
IRCODE14 : INPUT;
IRCODE15 : INPUT;

-- Node name is 'A0' 
-- Equation name is 'A0', location is LC025, type is output.
 A0      = LCELL( IRCODE0 $  GND);

-- Node name is 'A1' 
-- Equation name is 'A1', location is LC028, type is output.
 A1      = LCELL( IRCODE1 $  GND);

-- Node name is 'A2' 
-- Equation name is 'A2', location is LC031, type is output.
 A2      = LCELL( IRCODE2 $  GND);

-- Node name is 'A3' 
-- Equation name is 'A3', location is LC032, type is output.
 A3      = LCELL( IRCODE3 $  GND);

-- Node name is 'A4' 
-- Equation name is 'A4', location is LC026, type is output.
 A4      = LCELL( IRCODE4 $  GND);

-- Node name is 'A5' 
-- Equation name is 'A5', location is LC027, type is output.
 A5      = LCELL( IRCODE5 $  GND);

-- Node name is 'A6' 
-- Equation name is 'A6', location is LC029, type is output.
 A6      = LCELL( IRCODE6 $  GND);

-- Node name is 'A7' 
-- Equation name is 'A7', location is LC030, type is output.
 A7      = LCELL( IRCODE7 $  GND);

-- Node name is 'I8' 
-- Equation name is 'I8', location is LC017, type is output.
 I8      = LCELL( IRCODE8 $  GND);

-- Node name is 'I9' 
-- Equation name is 'I9', location is LC018, type is output.
 I9      = LCELL( IRCODE9 $  GND);

-- Node name is 'I10' 
-- Equation name is 'I10', location is LC024, type is output.
 I10     = LCELL( IRCODE10 $  GND);

-- Node name is 'I11' 
-- Equation name is 'I11', location is LC019, type is output.
 I11     = LCELL( IRCODE11 $  GND);

-- Node name is 'OP0' 
-- Equation name is 'OP0', location is LC020, type is output.
 OP0     = LCELL( IRCODE12 $  GND);

-- Node name is 'OP1' 
-- Equation name is 'OP1', location is LC021, type is output.
 OP1     = LCELL( IRCODE13 $  GND);

-- Node name is 'OP2' 
-- Equation name is 'OP2', location is LC022, type is output.
 OP2     = LCELL( IRCODE14 $  GND);

-- Node name is 'OP3' 
-- Equation name is 'OP3', location is LC023, type is output.
 OP3     = LCELL( IRCODE15 $  GND);



--     Shareable expanders that are duplicated in multiple LABs:
--     (none)




Project Information                          f:\files\freezing-cpu\convert.rpt

** COMPILATION SETTINGS & TIMES **

Processing Menu Commands
------------------------

Design Doctor                             = off

Logic Synthesis:

   Synthesis Type Used                    = Standard

   Default Synthesis Style                = NORMAL

      Logic option settings in 'NORMAL' style for 'MAX7000' family

      DECOMPOSE_GATES                     = on
      DUPLICATE_LOGIC_EXTRACTION          = on
      MINIMIZATION                        = full
      MULTI_LEVEL_FACTORING               = on
      NOT_GATE_PUSH_BACK                  = on
      PARALLEL_EXPANDERS                  = off
      REDUCE_LOGIC                        = on
      REFACTORIZATION                     = on
      REGISTER_OPTIMIZATION               = on
      RESYNTHESIZE_NETWORK                = on
      SLOW_SLEW_RATE                      = off
      SOFT_BUFFER_INSERTION               = on
      SUBFACTOR_EXTRACTION                = on
      TURBO_BIT                           = on
      XOR_SYNTHESIS                       = on
      IGNORE_SOFT_BUFFERS                 = off
      USE_LPM_FOR_AHDL_OPERATORS          = off

   Other logic synthesis settings:

      Automatic Global Clock              = on
      Automatic Global Clear              = on
      Automatic Global Preset             = on
      Automatic Global Output Enable      = on
      Automatic Fast I/O                  = off
      Automatic Register Packing          = off
      Automatic Open-Drain Pins           = on
      Automatic Implement in EAB          = off
      One-Hot State Machine Encoding      = off
      Optimize                            = 5

Default Timing Specifications: None

Cut All Bidir Feedback Timing Paths       = on
Cut All Clear & Preset Timing Paths       = on

Ignore Timing Assignments                 = off

Functional SNF Extractor                  = off

Linked SNF Extractor                      = off
Timing SNF Extractor                      = on
Optimize Timing SNF                       = off
Generate AHDL TDO File                    = off
Fitter Settings                           = NORMAL
Smart Recompile                           = off
Total Recompile                           = off

Interfaces Menu Commands
------------------------

EDIF Netlist Writer                       = off
Verilog Netlist Writer                    = off
VHDL Netlist Writer                       = off

Compilation Times
-----------------

   Compiler Netlist Extractor             00:00:01
   Database Builder                       00:00:00
   Logic Synthesizer                      00:00:00
   Partitioner                            00:00:00
   Fitter                                 00:00:00
   Timing SNF Extractor                   00:00:00
   Assembler                              00:00:00
   --------------------------             --------
   Total Time                             00:00:01


Memory Allocated
-----------------

Peak memory allocated during compilation  = 3,339K
